[icbargentina.com/capacitacion/finanzas-y-startups15ba.html]
[backblue.gif]
[fade.gif]
[index.html]
[use.fontawesome.com/releases/v5.8.1/css/all.css]
[cdnjs.cloudflare.com/ajax/libs/intl-tel-input/11.0.3/css/intlTelInput.css]
[icbargentina.com/static/new/theme6987.css]
[icbargentina.com/static/new/commone5f4.css]
[icbargentina.com/capacitacion/finanzas-y-startups.html]
[icbargentina.com/static/blog/img/logo/logo-cuadrado-v.png]
[code.jquery.com/jquery-3.5.1.min.js]
[icbargentina.com/capacitacion/inversor-y-asesor-inversiones.html]
[icbargentina.com/capacitacion/inversor-profesional-de-mercado-de-valores.html]
[icbargentina.com/capacitacion/curso-capacitacion-inversiones-bursatiles-caba.html]
[icbargentina.com/capacitacion/administracion-de-empresas-analista-de-finanzas-corporativas.html]
[icbargentina.com/capacitacion/in-company.html]
[icbargentina.com/media/landings/2023/02/header-compressed.jpg]
[icbargentina.com/static/new/img/dirigidoa.jpg]
[icbargentina.com/static/new/img/icb2.jpg]
[icbargentina.com/media/docentes/2023/02/profe.jpg]
[icbargentina.com/media/docentes/2023/10/Emiliano_Lasia.png]
[icbargentina.com/media/landings/2019/06/certified_TQUcVR3.jpg]
[icbargentina.com/static/new/img/mp.png]
[cdnjs.cloudflare.com/ajax/libs/popper.js/1.14.6/umd/popper.min.js]
[stackpath.bootstrapcdn.com/bootstrap/4.2.1/js/bootstrap.min.js]
[icbargentina.com/static/blog/js/jquery.countTo.js]
[cdnjs.cloudflare.com/ajax/libs/intl-tel-input/11.0.3/js/intlTelInput.min.js]
[icbargentina.com/static/new/custom9cd1.js]
[icbargentina.com/static/blog/js/utils3860.js]
[icbargentina.com/static/new/carousel_multi3860.js]
[icbargentina.com/static/blog/js/countries3860.js]
[icbargentina.com/static/blog/js/contact30f4.js]
[icbargentina.com/static/new/gclid.js]
[icbargentina.com/capacitacion/finanzas-y-startups15ba.html]
[use.fontawesome.com/releases/v5.8.1/css/all.css]
[leads.godixital.com/js/leads_form_trigger.js]
[cdnjs.cloudflare.com/ajax/libs/intl-tel-input/11.0.3/img/flags.png]
[cdnjs.cloudflare.com/ajax/libs/intl-tel-input/11.0.3/css/intlTelInput.css]
[icbargentina.com/static/new/theme6987.css]
[icbargentina.com/static/new/commone5f4.css]
[icbargentina.com/static/new/carousel_multi.css]
[icbargentina.com/capacitacion/finanzas-y-startups.html]
[www.googletagmanager.com/gtm5445.html]
[cdnjs.cloudflare.com/ajax/libs/intl-tel-input/11.0.3/img/flags@2x.png]
[icbargentina.com/media/landings/2022/07/header-agi.jpg]
[icbargentina.com/static/new/img/analytics04.jpg]
[icbargentina.com/media/docentes/2019/06/ariel.png]
[icbargentina.com/media/docentes/2019/06/gaby.png]
[icbargentina.com/media/docentes/2019/06/arielbesteiro.png]
[icbargentina.com/media/docentes/2021/12/mariano-edit.png]
[icbargentina.com/media/docentes/2022/05/Alan_Robinson.jpg]
[icbargentina.com/media/docentes/2023/11/Foto_Lore.jpg]
[icbargentina.com/media/docentes/2023/11/Agustin_foto_1.png]
[icbargentina.com/static/new/img/timer.jpg]
[icbargentina.com/capacitacion/inversor-y-asesor-inversiones.html]
[icbargentina.com/static/new/theme_ipro9aa9.css]
[icbargentina.com/media/landings/2022/07/header-ipro.jpg]
[icbargentina.com/capacitacion/inversor-profesional-de-mercado-de-valores.html]
[icbargentina.com/static/new/theme_ibur9aa9.css]
[icbargentina.com/media/landings/2022/07/IBURfondo.jpg]
[icbargentina.com/capacitacion/curso-capacitacion-inversiones-bursatiles-caba.html]
[icbargentina.com/static/new/theme_fin9aa9.css]
[icbargentina.com/media/landings/2019/06/finanzas_q6Z6BLN.jpg]
[icbargentina.com/media/docentes/2022/09/Mauricio_Funes.jpg]
[icbargentina.com/media/docentes/2022/09/Mariano_Modini.jpg]
[icbargentina.com/media/docentes/2022/09/Eduard_Moreno.jpg]
[icbargentina.com/capacitacion/administracion-de-empresas-analista-de-finanzas-corporativas.html]
[icbargentina.com/media/landings/2019/06/inc01_AGCA5LV.jpg]
[icbargentina.com/media/landings/2019/06/inc02_ymg9tQP.jpg]
[icbargentina.com/media/logos/2019/06/empresas01.jpg]
[icbargentina.com/media/logos/2019/06/empresas02.jpg]
[icbargentina.com/media/logos/2019/06/empresas03.jpg]
[icbargentina.com/media/logos/2019/06/empresas04.jpg]
[icbargentina.com/media/logos/2019/06/empresas05.jpg]
[icbargentina.com/media/logos/2019/06/empresas06.jpg]
[icbargentina.com/media/logos/2019/06/empresas07.jpg]
[icbargentina.com/media/logos/2019/06/empresas08.jpg]
[icbargentina.com/media/logos/2019/06/empresas09.jpg]
[icbargentina.com/media/logos/2019/06/empresas10.jpg]
[icbargentina.com/media/logos/2019/06/empresas11.jpg]
[icbargentina.com/media/logos/2019/06/empresas12.jpg]
[icbargentina.com/media/logos/2019/06/empresas13.jpg]
[icbargentina.com/media/logos/2019/06/empresas14.jpg]
[icbargentina.com/capacitacion/in-company.html]
[icbargentina.com/static/new/theme_fys9aa9.css]
[icbargentina.com/static/new/theme_ipro9aa9.css]
[icbargentina.com/static/new/theme_ibur9aa9.css]
[icbargentina.com/static/new/theme_fin9aa9.css]
[icbargentina.com/static/new/theme_fys9aa9.css]
[icbargentina.com/media/docentes/2019/06/ariel.png]
[icbargentina.com/static/new/theme_agi9aa9.css]
[icbargentina.com/static/new/theme_agi9aa9.css]
